#BIND_OUTPUT version: 3.0



#---------------------- SYMMETRY ANALYSIS ----------------------

1 Elements are present. They are:
  1 Identity.
   Equivalent Atoms: 1 -> 1, 2 -> 2, 3 -> 3, 4 -> 4, 5 -> 5, 6 -> 6, 7 -> 7, 8 -> 8, 9 -> 9, 10 -> 10, 11 -> 11, 12 -> 12, 13 -> 13, 14 -> 14, 15 -> 15, 16 -> 16, 17 -> 17, 18 -> 18, 

Here are the  Non-Redundant Elements which are present:
Identity.
   Equivalent Atoms: 1 -> 1, 2 -> 2, 3 -> 3, 4 -> 4, 5 -> 5, 6 -> 6, 7 -> 7, 8 -> 8, 9 -> 9, 10 -> 10, 11 -> 11, 12 -> 12, 13 -> 13, 14 -> 14, 15 -> 15, 16 -> 16, 17 -> 17, 18 -> 18, 

;-----------------------------------------------------------------
Allocating approximately    96.42 Kbytes (    0.09 Meg).
Each matrix is:     0.00 meg.

; Number of orbitals
#Num_Orbitals: 39
Error value from Diagonalization (0 is good): 0

#	******* Energies (in eV)  and Occupation Numbers *******
1:--->  -35.0025  [2.000 Electrons]
2:--->  -31.3792  [2.000 Electrons]
3:--->  -28.9916  [2.000 Electrons]
4:--->  -26.8038  [2.000 Electrons]
5:--->  -23.8107  [2.000 Electrons]
6:--->  -21.1348  [2.000 Electrons]
7:--->  -18.2093  [2.000 Electrons]
8:--->  -16.8462  [2.000 Electrons]
9:--->  -16.7534  [2.000 Electrons]
10:--->  -16.5165  [2.000 Electrons]
11:--->  -16.0698  [2.000 Electrons]
12:--->  -15.8178  [2.000 Electrons]
13:--->  -15.6235  [2.000 Electrons]
14:--->  -15.3966  [2.000 Electrons]
15:--->  -15.0514  [2.000 Electrons]
16:--->  -14.7779  [2.000 Electrons]
17:--->  -14.4645  [2.000 Electrons]
18:--->  -13.9986  [2.000 Electrons]
19:--->  -13.7348  [2.000 Electrons]
20:--->  -13.5651  [2.000 Electrons]
21:--->  -12.6075  [2.000 Electrons]
22:--->  -11.6439  [2.000 Electrons]
23:--->  -11.5648  [0.000 Electrons]
24:--->  -11.4993  [0.000 Electrons]
25:--->  -8.06603  [0.000 Electrons]
26:--->  -1.52331  [0.000 Electrons]
27:--->   2.00145  [0.000 Electrons]
28:--->   2.56608  [0.000 Electrons]
29:--->   3.01724  [0.000 Electrons]
30:--->   4.80437  [0.000 Electrons]
31:--->   5.18618  [0.000 Electrons]
32:--->   7.83969  [0.000 Electrons]
33:--->   8.79226  [0.000 Electrons]
34:--->   12.3389  [0.000 Electrons]
35:--->   20.1767  [0.000 Electrons]
36:--->   27.9591  [0.000 Electrons]
37:--->   32.3664  [0.000 Electrons]
38:--->   35.9038  [0.000 Electrons]
39:--->   44.6849  [0.000 Electrons]
Total_Energy: -816.399

# Characters of wavefunctions with respect to symmetry operations present.
;              1 
   1:--->  1.000 
   2:--->  1.000 
   3:--->  1.000 
   4:--->  1.000 
   5:--->  1.000 
   6:--->  1.000 
   7:--->  1.000 
   8:--->  1.000 
   9:--->  1.000 
  10:--->  1.000 
  11:--->  1.000 
  12:--->  1.000 
  13:--->  1.000 
  14:--->  1.000 
  15:--->  1.000 
  16:--->  1.000 
  17:--->  1.000 
  18:--->  1.000 
  19:--->  1.000 
  20:--->  1.000 
  21:--->  1.000 
  22:--->  1.000 
  23:--->  1.000 
  24:--->  1.000 
  25:--->  1.000 
  26:--->  1.000 
  27:--->  1.000 
  28:--->  1.000 
  29:--->  1.000 
  30:--->  1.000 
  31:--->  1.000 
  32:--->  1.000 
  33:--->  1.000 
  34:--->  1.000 
  35:--->  1.000 
  36:--->  1.000 
  37:--->  1.000 
  38:--->  1.000 
  39:--->  1.000 

;   Reduced Mulliken Overlap Population Matrix for 44.000 electrons:

              1        2        3        4        5        6        7      
  1        2.5827    
  2        0.7447      2.3580    
  3        -0.0514     0.7080      4.2559    
  4        -0.0549     0.7835      -0.0247     0.6473    
  5        -0.0000     -0.0098     0.0428      0.0003      0.7902    
  6        0.0001      -0.0010     -0.0288     -0.0001     0.0942      1.8467    
  7        -0.0035     -0.0210     0.0783      0.0009      0.1292      -0.1809     1.3910    
  8        0.7925      -0.0454     -0.0028     0.0019      -0.0004     0.0001      -0.0006   
  9        0.7893      -0.0473     -0.0074     -0.0037     -0.0006     0.0002      -0.0010   
  10       0.7915      -0.0460     0.0013      -0.0072     0.0000      -0.0000     -0.0001   
  11       -0.0470     0.7817      -0.0381     -0.0413     -0.0125     0.0004      -0.0001   
  12       0.0014      -0.0763     0.7951      -0.0196     -0.0042     -0.0123     -0.0035   
  13       -0.0003     -0.0712     -0.0006     -0.0106     0.0004      -0.0000     -0.0000   
  14       -0.0048     -0.0559     -0.0029     0.0002      0.0122      -0.0002     -0.0006   
  15       -0.0000     0.0019      -0.0000     0.0002      -0.0001     0.0000      0.0000    
  16       0.0002      -0.0123     0.0001      -0.0013     0.0000      -0.0000     -0.0000   
  17       0.0001      -0.0072     -0.0474     0.0000      -0.0084     0.0003      0.0000    
  18       -0.0000     0.0006      -0.0540     0.0001      0.0007      -0.0036     -0.0003   

              8        9        10       11       12       13       14     
  8        0.6487    
  9        -0.0430     0.6529    
  10       -0.0418     -0.0423     0.6502    
  11       -0.0108     0.0016      -0.0042     1.7461    
  12       0.0000      0.0001      -0.0000     -0.0060     3.8298    
  13       0.0001      -0.0000     0.0001      0.9672      -0.0008     4.2112    
  14       -0.0000     -0.0000     0.0000      0.9060      -0.0000     -0.0609     6.7095    
  15       -0.0000     0.0000      -0.0000     -0.0579     -0.0000     0.7247      -0.0053   
  16       0.0000      -0.0000     0.0000      -0.0582     0.0000      0.7369      0.0008    
  17       -0.0000     -0.0000     -0.0000     -0.0010     0.7083      -0.0003     0.0001    
  18       -0.0000     -0.0000     0.0000      0.0000      0.7265      0.0000      -0.0000   

              15       16       17       18     
  15       0.4687    
  16       -0.0482     0.4674    
  17       -0.0000     -0.0001     0.4640    
  18       0.0000      0.0000      -0.0567     0.4662    

;    Net Atomic Charges for 44.000 electrons:
1 C: -0.061633
2 C: 0.328626
3 N: 0.060370
4 H: 0.040851
5 H: 0.087943
6 H: -0.780860
7 H: -0.389342
8 H: 0.026469
9 H: 0.024155
10 H: 0.024231
11 C: 1.064082
12 N: 0.115771
13 N: -0.353416
14 O: -1.103923
15 H: 0.223658
16 H: 0.223658
17 H: 0.242173
18 H: 0.227187
;      Total Charge is: 0.000000


; 		q-q-q-q-q-q-q-q  Charge Matrix q-q-q-q-q-q-q-q

;   Reduced Charge Matrix Independant of Occupation
      1        2        3        4        5        6        7      
   1  0.0012  0.0135  0.0023  0.2654  0.2637  0.0905  0.0428
   2  0.0150  0.1114  0.0120  0.2425  0.0736  0.2148  0.1399
   3  0.0037  0.4159  0.0063  0.0560  0.2218  0.1155  0.0634
   4  -0.0001  0.0036  0.0006  0.0206  0.0007  0.0572  0.1151
   5  0.0003  0.0005  0.0001  0.0001  0.0019  0.0027  0.0046
   6  0.0000  0.0010  0.0000  0.0000  0.0022  0.0053  0.0091
   7  0.0000  0.0008  0.0000  0.0008  0.0016  0.0073  0.0076
   8  0.0000  0.0001  0.0000  0.0251  0.0538  0.0286  0.0180
   9  -0.0001  0.0004  0.0001  0.0261  0.0491  0.0366  0.0027
  10  -0.0001  0.0002  0.0001  0.0253  0.0589  0.0213  0.0043
  11  0.2479  0.0088  0.1483  0.0239  0.0008  0.1841  0.1265
  12  0.0012  0.3652  0.0181  0.1893  0.1795  0.0523  0.0271
  13  0.0354  0.0023  0.5907  0.0326  0.0001  0.0741  0.1960
  14  0.6935  0.0194  0.0754  0.0040  0.0001  0.0471  0.1625
  15  0.0010  0.0000  0.0690  0.0075  0.0000  0.0329  0.0222
  16  0.0008  0.0001  0.0724  0.0060  0.0000  0.0141  0.0560
  17  0.0000  0.0279  0.0019  0.0369  0.0474  0.0120  0.0013
  18  0.0000  0.0287  0.0026  0.0380  0.0449  0.0036  0.0011
      8        9        10       11       12       13       14     
   1  0.0199  0.0087  0.0559  0.1540  0.1972  0.0387  0.1982
   2  0.0437  0.0194  0.0395  0.0684  0.0991  0.0079  0.0052
   3  0.1090  0.0544  0.1653  0.0476  0.1164  0.0074  0.0069
   4  0.0224  0.0003  0.0015  0.0220  0.0348  0.0004  0.0021
   5  0.0488  0.0000  0.0526  0.0083  0.0656  0.0118  0.0026
   6  0.0186  0.0022  0.0707  0.0177  0.1012  0.0019  0.0000
   7  0.0315  0.0000  0.0845  0.0209  0.0321  0.0000  0.0030
   8  0.0109  0.0015  0.0005  0.0543  0.0250  0.0130  0.1405
   9  0.0007  0.0011  0.0030  0.0905  0.0468  0.0002  0.0723
  10  0.0059  0.0027  0.0307  0.0012  0.1160  0.0246  0.0061
  11  0.0377  0.0163  0.0103  0.1079  0.0217  0.1830  0.0749
  12  0.2498  0.1534  0.2853  0.0393  0.0576  0.0166  0.0115
  13  0.1210  0.3557  0.0335  0.1322  0.0180  0.0802  0.0607
  14  0.0469  0.0204  0.0121  0.1701  0.0490  0.5970  0.4008
  15  0.0184  0.1295  0.0182  0.0542  0.0034  0.0073  0.0022
  16  0.0579  0.1366  0.0056  0.0004  0.0054  0.0000  0.0101
  17  0.1104  0.0655  0.0054  0.0105  0.0023  0.0074  0.0027
  18  0.0465  0.0324  0.1253  0.0004  0.0085  0.0026  0.0004
      15       16       17       18       19       20       21     
   1  0.1991  0.0735  0.1423  0.0353  0.0365  0.1605  0.0295
   2  0.0715  0.0764  0.1291  0.0993  0.0514  0.1597  0.1482
   3  0.1329  0.0254  0.1488  0.2097  0.0454  0.1410  0.3300
   4  0.0317  0.0659  0.0008  0.0556  0.0122  0.0261  0.0026
   5  0.0320  0.0072  0.0351  0.0469  0.0025  0.0002  0.1312
   6  0.0267  0.0272  0.0140  0.0123  0.0001  0.0062  0.0072
   7  0.0286  0.0343  0.0436  0.0177  0.0025  0.0081  0.0064
   8  0.0073  0.0665  0.0007  0.0273  0.0028  0.0093  0.0009
   9  0.1075  0.0196  -0.0001  0.0061  0.0037  0.0107  0.0106
  10  0.1249  0.0096  0.0513  -0.0000  0.0003  0.0031  0.0005
  11  0.0134  0.0649  0.0009  0.0151  0.0496  0.0148  0.1167
  12  0.0685  0.0226  0.2860  0.1518  0.0739  0.1309  0.0563
  13  0.0153  0.0490  0.0078  0.0341  0.5284  0.2647  0.0448
  14  0.1102  0.4388  0.1363  0.2539  0.1798  0.0427  0.0918
  15  0.0063  -0.0003  0.0000  0.0011  0.0024  0.0023  0.0104
  16  0.0070  0.0123  0.0013  0.0024  -0.0001  -0.0001  -0.0001
  17  0.0065  0.0004  0.0022  0.0315  0.0000  0.0003  0.0063
  18  0.0103  0.0067  -0.0003  -0.0001  0.0085  0.0193  0.0068
      22       23       24       25       26       27       28     
   1  0.0021  0.0020  0.0024  0.0149  0.0198  0.0307  0.0562
   2  0.0080  0.0122  0.0073  0.0017  0.1378  0.0332  0.1236
   3  0.0471  0.4846  0.1758  0.0204  0.3755  0.0057  0.0024
   4  0.0034  0.0190  0.0053  0.0001  0.0007  0.0126  0.0230
   5  0.0009  0.2190  0.3236  -0.0000  0.0001  0.0005  0.0001
   6  0.5669  0.0271  0.0809  0.0000  0.0006  0.0005  0.0000
   7  0.3634  0.0034  0.3004  0.0003  0.0002  0.0001  0.0000
   8  0.0007  0.0006  0.0009  0.0002  -0.0001  0.0049  0.0201
   9  0.0003  0.0008  0.0005  0.0014  0.0002  0.0021  0.0273
  10  0.0009  0.0002  0.0011  0.0001  0.0081  -0.0000  0.0050
  11  0.0002  0.0168  0.0010  0.7041  0.0113  0.0029  0.0980
  12  0.0057  0.1815  0.0910  0.0005  0.3734  0.3861  0.0004
  13  0.0002  0.0043  0.0008  0.1459  0.0025  0.0026  0.2682
  14  0.0001  0.0166  0.0074  0.1103  0.0011  0.0005  0.0072
  15  0.0000  0.0006  0.0002  0.0000  0.0002  0.0001  0.2553
  16  0.0000  0.0000  0.0000  0.0001  0.0002  0.0013  0.1129
  17  0.0002  0.0119  -0.0002  -0.0001  0.0136  0.2763  0.0002
  18  -0.0000  -0.0007  0.0017  0.0000  0.0549  0.2400  0.0001
      29       30       31       32       33       34       35     
   1  0.2460  0.3362  0.4433  0.1223  0.1710  0.0394  0.0030
   2  0.2911  0.0602  0.0351  0.1489  0.3492  0.3688  0.0084
   3  0.0160  0.0136  0.0162  0.0205  0.0650  0.1031  0.1250
   4  0.1133  0.0098  0.0094  0.0192  0.1406  0.0089  0.0016
   5  0.0001  0.0002  0.0000  0.0001  0.0002  0.0000  0.0002
   6  0.0000  0.0001  0.0001  0.0000  0.0002  -0.0001  0.0003
   7  0.0004  -0.0001  -0.0000  0.0000  0.0001  0.0006  -0.0001
   8  0.0673  0.0967  0.0686  0.0044  0.0811  0.0071  0.0010
   9  0.0329  0.0045  0.2246  0.0456  0.0040  0.0079  0.0016
  10  0.0131  0.1777  0.0988  0.0115  0.0213  0.0095  0.0003
  11  0.0474  0.0377  0.0108  0.1495  0.0363  0.1275  0.0078
  12  0.0421  0.0177  0.0181  0.0238  0.0524  0.0367  0.3253
  13  0.0509  0.1105  0.0332  0.2151  0.0288  0.1143  0.0013
  14  0.0039  0.0037  0.0003  0.0047  0.0014  -0.0004  0.0006
  15  0.0047  0.0249  0.0217  0.0480  0.0251  0.1082  0.0017
  16  0.0253  0.1016  0.0147  0.1772  0.0021  0.0420  0.0008
  17  0.0225  0.0042  0.0039  0.0071  0.0109  0.0116  0.2571
  18  0.0229  0.0008  0.0011  0.0021  0.0102  0.0147  0.2641
      36       37       38       39     
   1  0.1115  0.0315  0.0463  0.2927
   2  0.1641  0.0609  0.0454  0.3165
   3  0.0628  0.0109  -0.0002  0.0327
   4  0.0732  0.0333  0.0001  0.0502
   5  0.0000  -0.0000  0.0000  0.0000
   6  -0.0000  0.0000  0.0000  0.0000
   7  0.0000  0.0000  0.0000  -0.0000
   8  0.0611  0.0189  0.0160  0.0642
   9  0.0572  0.0199  0.0180  0.0635
  10  0.0672  0.0152  0.0185  0.0644
  11  0.1894  0.5023  0.4937  0.0957
  12  0.0065  0.0015  0.0002  0.0006
  13  0.0865  0.1035  0.1444  0.0105
  14  0.0051  0.1048  0.1726  0.0083
  15  0.0594  0.0333  0.0282  0.0003
  16  0.0541  0.0631  0.0158  0.0005
  17  0.0007  0.0005  0.0009  0.0000
  18  0.0011  0.0004  0.0001  0.0000


 Sorting 39 crystal orbitals.


# ******** Extended Hueckel Parameters ********
;  FORMAT  quantum number orbital: Hii, <c1>, exponent1, <c2>, <exponent2>

ATOM: C   Atomic number: 6  # Valence Electrons: 4
	2S:   -21.4000     1.6250
	2P:   -11.4000     1.6250
ATOM: N   Atomic number: 7  # Valence Electrons: 5
	2S:   -26.0000     1.9500
	2P:   -13.4000     1.9500
ATOM: H   Atomic number: 1  # Valence Electrons: 1
	1S:   -13.6000     1.3000
ATOM: O   Atomic number: 8  # Valence Electrons: 6
	2S:   -32.3000     2.2750
	2P:   -14.8000     2.2750

### TOTAL DENSITY OF STATES 
78 states are present.
#BEGIN CURVE
1.000000 -35.002483
1.000000 -31.379240
1.000000 -28.991585
1.000000 -26.803837
1.000000 -23.810673
1.000000 -21.134806
1.000000 -18.209312
1.000000 -16.846249
1.000000 -16.753353
1.000000 -16.516531
1.000000 -16.069832
1.000000 -15.817798
1.000000 -15.623501
1.000000 -15.396628
1.000000 -15.051428
1.000000 -14.777858
1.000000 -14.464518
1.000000 -13.998641
1.000000 -13.734758
1.000000 -13.565080
1.000000 -12.607461
1.000000 -11.643863
1.000000 -11.564757
1.000000 -11.499260
1.000000 -8.066027
1.000000 -1.523310
1.000000 2.001447
1.000000 2.566085
1.000000 3.017242
1.000000 4.804373
1.000000 5.186176
1.000000 7.839692
1.000000 8.792259
1.000000 12.338920
1.000000 20.176657
1.000000 27.959133
1.000000 32.366440
1.000000 35.903778
1.000000 44.684917
#END CURVE
# END OF DOS


;  The Fermi Level was determined for 1 K points based on
;     an ordering of 39 crystal orbitals occupied by 44.000000 electrons
;      in the unit cell (44.000000 electrons total)
#Fermi_Energy:  -11.643863
#Average Energy:  -816.398867 eV

# Atomic Orbital Occupations
;        s      px      py      pz    dx2-y2    dz2     dxy     dxz     dyz
1 C  1.2021  0.9478  0.9597  0.9520  0.0000  0.0000  0.0000  0.0000  0.0000 
2 C  1.1143  0.9147  0.7428  0.8995  0.0000  0.0000  0.0000  0.0000  0.0000 
3 N  1.5183  1.4836  1.0997  0.8379  0.0000  0.0000  0.0000  0.0000  0.0000 
4 H  0.9591  0.0000  0.0000  0.0000  0.0000  0.0000  0.0000  0.0000  0.0000 
5 H  0.9121  0.0000  0.0000  0.0000  0.0000  0.0000  0.0000  0.0000  0.0000 
6 H  1.7809  0.0000  0.0000  0.0000  0.0000  0.0000  0.0000  0.0000  0.0000 
7 H  1.3893  0.0000  0.0000  0.0000  0.0000  0.0000  0.0000  0.0000  0.0000 
8 H  0.9735  0.0000  0.0000  0.0000  0.0000  0.0000  0.0000  0.0000  0.0000 
9 H  0.9758  0.0000  0.0000  0.0000  0.0000  0.0000  0.0000  0.0000  0.0000 
10 H  0.9758  0.0000  0.0000  0.0000  0.0000  0.0000  0.0000  0.0000  0.0000 
11 C  1.0004  0.7840  0.5677  0.5838  0.0000  0.0000  0.0000  0.0000  0.0000 
12 N  1.4198  1.0627  1.1048  1.2970  0.0000  0.0000  0.0000  0.0000  0.0000 
13 N  1.3802  1.1539  1.6619  1.1574  0.0000  0.0000  0.0000  0.0000  0.0000 
14 O  1.6642  1.9258  1.7699  1.7441  0.0000  0.0000  0.0000  0.0000  0.0000 
15 H  0.7763  0.0000  0.0000  0.0000  0.0000  0.0000  0.0000  0.0000  0.0000 
16 H  0.7763  0.0000  0.0000  0.0000  0.0000  0.0000  0.0000  0.0000  0.0000 
17 H  0.7578  0.0000  0.0000  0.0000  0.0000  0.0000  0.0000  0.0000  0.0000 
18 H  0.7728  0.0000  0.0000  0.0000  0.0000  0.0000  0.0000  0.0000  0.0000 

# AVERAGE NET CHARGES
1 C -0.061633
2 C 0.328626
3 N 0.060370
4 H 0.040851
5 H 0.087943
6 H -0.780860
7 H -0.389342
8 H 0.026469
9 H 0.024155
10 H 0.024231
11 C 1.064082
12 N 0.115770
13 N -0.353416
14 O -1.103923
15 H 0.223658
16 H 0.223658
17 H 0.242173
18 H 0.227187
There are a total of 44.000000 electrons.
Done!
